// Jest Snapshot v1, https://goo.gl/fbAQLP

exports[`should match snapshot 1`] = `
<button
  className="MuiButtonBase-root Mui-disabled css-10d1a0h-MuiButtonBase-root"
  disabled={true}
  onBlur={[Function]}
  onContextMenu={[Function]}
  onDragLeave={[Function]}
  onFocus={[Function]}
  onKeyDown={[Function]}
  onKeyUp={[Function]}
  onMouseDown={[Function]}
  onMouseLeave={[Function]}
  onMouseUp={[Function]}
  onTouchEnd={[Function]}
  onTouchMove={[Function]}
  onTouchStart={[Function]}
  tabIndex={-1}
  type="button"
>
  <h5
    className="MuiTypography-root MuiTypography-h5 css-ag7rrr-MuiTypography-root"
  >
    Doc Submitter
  </h5>
</button>
`;
